{
  "object": {
    "foo": "foo_2hUHyM"
  },
  "hash": "_2hUHyM"
}
